

================================================================
== Vitis HLS Report for 'arbitrate'
================================================================
* Date:           Fri Jun  5 23:42:43 2026

* Version:        2025.2 (Build 6295257 on Nov 14 2025)
* Project:        kernel
* Solution:       hls (Vivado IP Flow Target)
* Product family: aartix7
* Target device:  xa7a12t-cpg238-2I


================================================================
== Performance Estimates
================================================================
+ Timing: 
    * Summary: 
    +--------+---------+----------+------------+
    |  Clock |  Target | Estimated| Uncertainty|
    +--------+---------+----------+------------+
    |ap_clk  |  4.00 ns|  4.964 ns|     1.08 ns|
    +--------+---------+----------+------------+

+ Latency: 
    * Summary: 
    +---------+---------+----------+----------+-----+-----+---------+
    |  Latency (cycles) |  Latency (absolute) |  Interval | Pipeline|
    |   min   |   max   |    min   |    max   | min | max |   Type  |
    +---------+---------+----------+----------+-----+-----+---------+
    |        2|        2|  9.928 ns|  9.928 ns|    1|    1|      yes|
    +---------+---------+----------+----------+-----+-----+---------+

    + Detail: 
        * Instance: 
        N/A

        * Loop: 
        N/A



================================================================
== Utilization Estimates
================================================================
* Summary: 
+-----------------+---------+----+-------+------+-----+
|       Name      | BRAM_18K| DSP|   FF  |  LUT | URAM|
+-----------------+---------+----+-------+------+-----+
|DSP              |        -|   -|      -|     -|    -|
|Expression       |        -|   -|      0|   139|    -|
|FIFO             |        -|   -|      -|     -|    -|
|Instance         |        -|   -|      -|     -|    -|
|Memory           |        -|   -|      -|     -|    -|
|Multiplexer      |        -|   -|      0|    58|    -|
|Register         |        -|   -|   1002|     -|    -|
+-----------------+---------+----+-------+------+-----+
|Total            |        0|   0|   1002|   197|    0|
+-----------------+---------+----+-------+------+-----+
|Available        |       40|  40|  16000|  8000|    0|
+-----------------+---------+----+-------+------+-----+
|Utilization (%)  |        0|   0|      6|     2|    0|
+-----------------+---------+----+-------+------+-----+

+ Detail: 
    * Instance: 
    N/A

    * DSP: 
    N/A

    * Memory: 
    N/A

    * FIFO: 
    N/A

    * Expression: 
    +---------------------------------------+----------+----+---+----+------------+------------+
    |             Variable Name             | Operation| DSP| FF| LUT| Bitwidth P0| Bitwidth P1|
    +---------------------------------------+----------+----+---+----+------------+------------+
    |grp_fu_67_p2                           |         +|   0|  0|  39|          32|           1|
    |ap_block_state2_pp0_stage0_iter1_grp1  |       and|   0|  0|   2|           1|           1|
    |ap_predicate_op30_write_state3         |       and|   0|  0|   2|           1|           1|
    |tmp_4_nbreadreq_fu_46_p3               |       and|   0|  0|   2|           1|           0|
    |tmp_nbreadreq_fu_32_p3                 |       and|   0|  0|   2|           1|           0|
    |icmp_ln20_fu_85_p2                     |      icmp|   0|  0|  39|          32|          32|
    |icmp_ln28_fu_98_p2                     |      icmp|   0|  0|  39|          32|          32|
    |ap_block_pp0_stage0_01001_grp1         |        or|   0|  0|   2|           1|           1|
    |ap_block_pp0_stage0_subdone            |        or|   0|  0|   2|           1|           1|
    |ap_block_state1_pp0_stage0_iter0_grp1  |        or|   0|  0|   2|           1|           1|
    |ap_block_state3_pp0_stage0_iter2_grp1  |        or|   0|  0|   2|           1|           1|
    |ap_predicate_op17_read_state2          |        or|   0|  0|   2|           1|           1|
    |ap_predicate_op28_write_state3         |        or|   0|  0|   2|           1|           1|
    |ap_enable_pp0                          |       xor|   0|  0|   2|           1|           2|
    +---------------------------------------+----------+----+---+----+------------+------------+
    |Total                                  |          |   0|  0| 139|         107|          75|
    +---------------------------------------+----------+----+---+----+------------+------------+

    * Multiplexer: 
    +---------------+----+-----------+-----+-----------+
    |      Name     | LUT| Input Size| Bits| Total Bits|
    +---------------+----+-----------+-----+-----------+
    |ap_done        |   9|          2|    1|          2|
    |arb_out_blk_n  |   9|          2|    1|          2|
    |arb_out_din    |  13|          3|  288|        864|
    |feed_a_blk_n   |   9|          2|    1|          2|
    |feed_b_blk_n   |   9|          2|    1|          2|
    |real_start     |   9|          2|    1|          2|
    +---------------+----+-----------+-----+-----------+
    |Total          |  58|         13|  293|        874|
    +---------------+----+-----------+-----+-----------+

    * Register: 
    +---------------------------+-----+----+-----+-----------+
    |            Name           |  FF | LUT| Bits| Const Bits|
    +---------------------------+-----+----+-----+-----------+
    |ap_CS_fsm                  |    1|   0|    1|          0|
    |ap_done_reg                |    1|   0|    1|          0|
    |ap_enable_reg_pp0_iter1    |    1|   0|    1|          0|
    |ap_enable_reg_pp0_iter2    |    1|   0|    1|          0|
    |expected_seq               |   32|   0|   32|          0|
    |icmp_ln20_reg_137          |    1|   0|    1|          0|
    |icmp_ln28_reg_145          |    1|   0|    1|          0|
    |raw_reg_127                |  352|   0|  352|          0|
    |start_once_reg             |    1|   0|    1|          0|
    |tmp_3_reg_132              |   32|   0|   32|          0|
    |tmp_4_reg_141              |    1|   0|    1|          0|
    |tmp_reg_123                |    1|   0|    1|          0|
    |tmp_reg_123_pp0_iter1_reg  |    1|   0|    1|          0|
    |trunc_ln21_reg_154         |  288|   0|  288|          0|
    |trunc_ln29_reg_149         |  288|   0|  288|          0|
    +---------------------------+-----+----+-----+-----------+
    |Total                      | 1002|   0| 1002|          0|
    +---------------------------+-----+----+-----+-----------+



================================================================
== Interface
================================================================
* Summary: 
+------------------------+-----+-----+------------+--------------+--------------+
|        RTL Ports       | Dir | Bits|  Protocol  | Source Object|    C Type    |
+------------------------+-----+-----+------------+--------------+--------------+
|ap_clk                  |   in|    1|  ap_ctrl_hs|     arbitrate|  return value|
|ap_rst                  |   in|    1|  ap_ctrl_hs|     arbitrate|  return value|
|ap_start                |   in|    1|  ap_ctrl_hs|     arbitrate|  return value|
|start_full_n            |   in|    1|  ap_ctrl_hs|     arbitrate|  return value|
|ap_done                 |  out|    1|  ap_ctrl_hs|     arbitrate|  return value|
|ap_continue             |   in|    1|  ap_ctrl_hs|     arbitrate|  return value|
|ap_idle                 |  out|    1|  ap_ctrl_hs|     arbitrate|  return value|
|ap_ready                |  out|    1|  ap_ctrl_hs|     arbitrate|  return value|
|start_out               |  out|    1|  ap_ctrl_hs|     arbitrate|  return value|
|start_write             |  out|    1|  ap_ctrl_hs|     arbitrate|  return value|
|feed_a_dout             |   in|  352|     ap_fifo|        feed_a|       pointer|
|feed_a_empty_n          |   in|    1|     ap_fifo|        feed_a|       pointer|
|feed_a_read             |  out|    1|     ap_fifo|        feed_a|       pointer|
|feed_b_dout             |   in|  352|     ap_fifo|        feed_b|       pointer|
|feed_b_empty_n          |   in|    1|     ap_fifo|        feed_b|       pointer|
|feed_b_read             |  out|    1|     ap_fifo|        feed_b|       pointer|
|arb_out_din             |  out|  288|     ap_fifo|       arb_out|       pointer|
|arb_out_full_n          |   in|    1|     ap_fifo|       arb_out|       pointer|
|arb_out_write           |  out|    1|     ap_fifo|       arb_out|       pointer|
|arb_out_num_data_valid  |   in|    3|     ap_fifo|       arb_out|       pointer|
|arb_out_fifo_cap        |   in|    3|     ap_fifo|       arb_out|       pointer|
+------------------------+-----+-----+------------+--------------+--------------+

