

================================================================
== Vitis HLS Report for 'entry_proc'
================================================================
* Date:           Fri Jun  5 23:42:43 2026

* Version:        2025.2 (Build 6295257 on Nov 14 2025)
* Project:        kernel
* Solution:       hls (Vivado IP Flow Target)
* Product family: aartix7
* Target device:  xa7a12t-cpg238-2I


================================================================
== Performance Estimates
================================================================
+ Timing: 
    * Summary: 
    +--------+---------+----------+------------+
    |  Clock |  Target | Estimated| Uncertainty|
    +--------+---------+----------+------------+
    |ap_clk  |  4.00 ns|  1.460 ns|     1.08 ns|
    +--------+---------+----------+------------+

+ Latency: 
    * Summary: 
    +---------+---------+----------+----------+-----+-----+---------+
    |  Latency (cycles) |  Latency (absolute) |  Interval | Pipeline|
    |   min   |   max   |    min   |    max   | min | max |   Type  |
    +---------+---------+----------+----------+-----+-----+---------+
    |        0|        0|      0 ns|      0 ns|    0|    0|       no|
    +---------+---------+----------+----------+-----+-----+---------+

    + Detail: 
        * Instance: 
        N/A

        * Loop: 
        N/A



================================================================
== Utilization Estimates
================================================================
* Summary: 
+-----------------+---------+----+-------+------+-----+
|       Name      | BRAM_18K| DSP|   FF  |  LUT | URAM|
+-----------------+---------+----+-------+------+-----+
|DSP              |        -|   -|      -|     -|    -|
|Expression       |        -|   -|      0|     2|    -|
|FIFO             |        -|   -|      -|     -|    -|
|Instance         |        -|   -|      -|     -|    -|
|Memory           |        -|   -|      -|     -|    -|
|Multiplexer      |        -|   -|      0|    36|    -|
|Register         |        -|   -|      3|     -|    -|
+-----------------+---------+----+-------+------+-----+
|Total            |        0|   0|      3|    38|    0|
+-----------------+---------+----+-------+------+-----+
|Available        |       40|  40|  16000|  8000|    0|
+-----------------+---------+----+-------+------+-----+
|Utilization (%)  |        0|   0|     ~0|    ~0|    0|
+-----------------+---------+----+-------+------+-----+

+ Detail: 
    * Instance: 
    N/A

    * DSP: 
    N/A

    * Memory: 
    N/A

    * FIFO: 
    N/A

    * Expression: 
    +-----------------+----------+----+---+----+------------+------------+
    |  Variable Name  | Operation| DSP| FF| LUT| Bitwidth P0| Bitwidth P1|
    +-----------------+----------+----+---+----+------------+------------+
    |ap_block_state1  |        or|   0|  0|   2|           1|           1|
    +-----------------+----------+----+---+----+------------+------------+
    |Total            |          |   0|  0|   2|           1|           1|
    +-----------------+----------+----+---+----+------------+------------+

    * Multiplexer: 
    +---------------------+----+-----------+-----+-----------+
    |         Name        | LUT| Input Size| Bits| Total Bits|
    +---------------------+----+-----------+-----+-----------+
    |ap_done              |   9|          2|    1|          2|
    |base_offset_c_blk_n  |   9|          2|    1|          2|
    |inv_tick_c_blk_n     |   9|          2|    1|          2|
    |real_start           |   9|          2|    1|          2|
    +---------------------+----+-----------+-----+-----------+
    |Total                |  36|          8|    4|          8|
    +---------------------+----+-----------+-----+-----------+

    * Register: 
    +----------------+---+----+-----+-----------+
    |      Name      | FF| LUT| Bits| Const Bits|
    +----------------+---+----+-----+-----------+
    |ap_CS_fsm       |  1|   0|    1|          0|
    |ap_done_reg     |  1|   0|    1|          0|
    |start_once_reg  |  1|   0|    1|          0|
    +----------------+---+----+-----+-----------+
    |Total           |  3|   0|    3|          0|
    +----------------+---+----+-----+-----------+



================================================================
== Interface
================================================================
* Summary: 
+------------------------------+-----+-----+------------+---------------+--------------+
|           RTL Ports          | Dir | Bits|  Protocol  | Source Object |    C Type    |
+------------------------------+-----+-----+------------+---------------+--------------+
|ap_clk                        |   in|    1|  ap_ctrl_hs|     entry_proc|  return value|
|ap_rst                        |   in|    1|  ap_ctrl_hs|     entry_proc|  return value|
|ap_start                      |   in|    1|  ap_ctrl_hs|     entry_proc|  return value|
|start_full_n                  |   in|    1|  ap_ctrl_hs|     entry_proc|  return value|
|ap_done                       |  out|    1|  ap_ctrl_hs|     entry_proc|  return value|
|ap_continue                   |   in|    1|  ap_ctrl_hs|     entry_proc|  return value|
|ap_idle                       |  out|    1|  ap_ctrl_hs|     entry_proc|  return value|
|ap_ready                      |  out|    1|  ap_ctrl_hs|     entry_proc|  return value|
|start_out                     |  out|    1|  ap_ctrl_hs|     entry_proc|  return value|
|start_write                   |  out|    1|  ap_ctrl_hs|     entry_proc|  return value|
|inv_tick                      |   in|   16|     ap_none|       inv_tick|        scalar|
|inv_tick_c_din                |  out|   16|     ap_fifo|     inv_tick_c|       pointer|
|inv_tick_c_full_n             |   in|    1|     ap_fifo|     inv_tick_c|       pointer|
|inv_tick_c_write              |  out|    1|     ap_fifo|     inv_tick_c|       pointer|
|inv_tick_c_num_data_valid     |   in|    3|     ap_fifo|     inv_tick_c|       pointer|
|inv_tick_c_fifo_cap           |   in|    3|     ap_fifo|     inv_tick_c|       pointer|
|base_offset                   |   in|   16|     ap_none|    base_offset|        scalar|
|base_offset_c_din             |  out|   16|     ap_fifo|  base_offset_c|       pointer|
|base_offset_c_full_n          |   in|    1|     ap_fifo|  base_offset_c|       pointer|
|base_offset_c_write           |  out|    1|     ap_fifo|  base_offset_c|       pointer|
|base_offset_c_num_data_valid  |   in|    3|     ap_fifo|  base_offset_c|       pointer|
|base_offset_c_fifo_cap        |   in|    3|     ap_fifo|  base_offset_c|       pointer|
+------------------------------+-----+-----+------------+---------------+--------------+

