

================================================================
== Vitis HLS Report for 'handle_event'
================================================================
* Date:           Mon Jun  1 22:56:34 2026

* Version:        2025.2 (Build 6295257 on Nov 14 2025)
* Project:        kernel
* Solution:       hls (Vivado IP Flow Target)
* Product family: aartix7
* Target device:  xa7a12t-cpg238-2I


================================================================
== Performance Estimates
================================================================
+ Timing: 
    * Summary: 
    +--------+---------+----------+------------+
    |  Clock |  Target | Estimated| Uncertainty|
    +--------+---------+----------+------------+
    |ap_clk  |  4.00 ns|  2.920 ns|     1.08 ns|
    +--------+---------+----------+------------+

+ Latency: 
    * Summary: 
    +---------+---------+-----------+-----------+-----+-----+---------+
    |  Latency (cycles) |   Latency (absolute)  |  Interval | Pipeline|
    |   min   |   max   |    min    |    max    | min | max |   Type  |
    +---------+---------+-----------+-----------+-----+-----+---------+
    |        4|        4|  16.000 ns|  16.000 ns|    4|    4|       no|
    +---------+---------+-----------+-----------+-----+-----+---------+

    + Detail: 
        * Instance: 
        N/A

        * Loop: 
        N/A



================================================================
== Utilization Estimates
================================================================
* Summary: 
+-----------------+---------+----+-------+------+-----+
|       Name      | BRAM_18K| DSP|   FF  |  LUT | URAM|
+-----------------+---------+----+-------+------+-----+
|DSP              |        -|   -|      -|     -|    -|
|Expression       |        -|   -|      0|    41|    -|
|FIFO             |        -|   -|      -|     -|    -|
|Instance         |        -|   -|      -|     -|    -|
|Memory           |        1|   -|      0|     0|    0|
|Multiplexer      |        -|   -|      0|    52|    -|
|Register         |        -|   -|    118|     -|    -|
+-----------------+---------+----+-------+------+-----+
|Total            |        1|   0|    118|    93|    0|
+-----------------+---------+----+-------+------+-----+
|Available        |       40|  40|  16000|  8000|    0|
+-----------------+---------+----+-------+------+-----+
|Utilization (%)  |        2|   0|     ~0|     1|    0|
+-----------------+---------+----+-------+------+-----+

+ Detail: 
    * Instance: 
    N/A

    * DSP: 
    N/A

    * Memory: 
    +--------------+------------------------------------------+---------+---+----+-----+------+-----+------+-------------+
    |    Memory    |                  Module                  | BRAM_18K| FF| LUT| URAM| Words| Bits| Banks| W*Bits*Banks|
    +--------------+------------------------------------------+---------+---+----+-----+------+-----+------+-------------+
    |levels_qty_U  |handle_event_levels_qty_RAM_2P_AUTO_1R1W  |        1|  0|   0|    0|   256|   32|     1|         8192|
    +--------------+------------------------------------------+---------+---+----+-----+------+-----+------+-------------+
    |Total         |                                          |        1|  0|   0|    0|   256|   32|     1|         8192|
    +--------------+------------------------------------------+---------+---+----+-----+------+-----+------+-------------+

    * FIFO: 
    N/A

    * Expression: 
    +--------------------+----------+----+---+----+------------+------------+
    |    Variable Name   | Operation| DSP| FF| LUT| Bitwidth P0| Bitwidth P1|
    +--------------------+----------+----+---+----+------------+------------+
    |add_ln70_fu_127_p2  |         +|   0|  0|  39|          32|          32|
    |ap_block_state1     |        or|   0|  0|   2|           1|           1|
    +--------------------+----------+----+---+----+------------+------------+
    |Total               |          |   0|  0|  41|          33|          33|
    +--------------------+----------+----+---+----+------------+------------+

    * Multiplexer: 
    +-------------------+----+-----------+-----+-----------+
    |        Name       | LUT| Input Size| Bits| Total Bits|
    +-------------------+----+-----------+-----+-----------+
    |ap_NS_fsm          |  25|          6|    1|          6|
    |ap_done            |   9|          2|    1|          2|
    |event_r_blk_n      |   9|          2|    1|          2|
    |levelUpdate_blk_n  |   9|          2|    1|          2|
    +-------------------+----+-----------+-----+-----------+
    |Total              |  52|         12|    4|         12|
    +-------------------+----+-----------+-----+-----------+

    * Register: 
    +-------------------------+----+----+-----+-----------+
    |           Name          | FF | LUT| Bits| Const Bits|
    +-------------------------+----+----+-----+-----------+
    |add_ln70_reg_152         |  32|   0|   32|          0|
    |ap_CS_fsm                |   5|   0|    5|          0|
    |ap_done_reg              |   1|   0|    1|          0|
    |ev_qty_reg_131           |  32|   0|   32|          0|
    |levels_qty_addr_reg_141  |   8|   0|    8|          0|
    |levels_qty_load_reg_147  |  32|   0|   32|          0|
    |tmp_reg_136              |   8|   0|    8|          0|
    +-------------------------+----+----+-----+-----------+
    |Total                    | 118|   0|  118|          0|
    +-------------------------+----+----+-----+-----------+



================================================================
== Interface
================================================================
* Summary: 
+----------------------------+-----+-----+------------+--------------+--------------+
|          RTL Ports         | Dir | Bits|  Protocol  | Source Object|    C Type    |
+----------------------------+-----+-----+------------+--------------+--------------+
|ap_clk                      |   in|    1|  ap_ctrl_hs|  handle_event|  return value|
|ap_rst                      |   in|    1|  ap_ctrl_hs|  handle_event|  return value|
|ap_start                    |   in|    1|  ap_ctrl_hs|  handle_event|  return value|
|ap_done                     |  out|    1|  ap_ctrl_hs|  handle_event|  return value|
|ap_continue                 |   in|    1|  ap_ctrl_hs|  handle_event|  return value|
|ap_idle                     |  out|    1|  ap_ctrl_hs|  handle_event|  return value|
|ap_ready                    |  out|    1|  ap_ctrl_hs|  handle_event|  return value|
|event_r_dout                |   in|  168|     ap_fifo|       event_r|       pointer|
|event_r_empty_n             |   in|    1|     ap_fifo|       event_r|       pointer|
|event_r_read                |  out|    1|     ap_fifo|       event_r|       pointer|
|event_r_num_data_valid      |   in|    3|     ap_fifo|       event_r|       pointer|
|event_r_fifo_cap            |   in|    3|     ap_fifo|       event_r|       pointer|
|levelUpdate_din             |  out|   72|     ap_fifo|   levelUpdate|       pointer|
|levelUpdate_full_n          |   in|    1|     ap_fifo|   levelUpdate|       pointer|
|levelUpdate_write           |  out|    1|     ap_fifo|   levelUpdate|       pointer|
|levelUpdate_num_data_valid  |   in|    3|     ap_fifo|   levelUpdate|       pointer|
|levelUpdate_fifo_cap        |   in|    3|     ap_fifo|   levelUpdate|       pointer|
+----------------------------+-----+-----+------------+--------------+--------------+

