

================================================================
== Vitis HLS Report for 'kernel'
================================================================
* Date:           Fri Jun  5 23:42:43 2026

* Version:        2025.2 (Build 6295257 on Nov 14 2025)
* Project:        kernel
* Solution:       hls (Vivado IP Flow Target)
* Product family: aartix7
* Target device:  xa7a12t-cpg238-2I


================================================================
== Performance Estimates
================================================================
+ Timing: 
    * Summary: 
    +--------+---------+----------+------------+
    |  Clock |  Target | Estimated| Uncertainty|
    +--------+---------+----------+------------+
    |ap_clk  |  4.00 ns|  4.964 ns|     1.08 ns|
    +--------+---------+----------+------------+

+ Latency: 
    * Summary: 
    +---------+---------+-----------+-----------+-----+-----+----------+
    |  Latency (cycles) |   Latency (absolute)  |  Interval | Pipeline |
    |   min   |   max   |    min    |    max    | min | max |   Type   |
    +---------+---------+-----------+-----------+-----+-----+----------+
    |       14|       14|  69.496 ns|  69.496 ns|    1|    1|  dataflow|
    +---------+---------+-----------+-----------+-----+-----+----------+

    + Detail: 
        * Instance: 
        +-------------------------+----------------------+---------+---------+-----------+-----------+-----+-----+---------+
        |                         |                      |  Latency (cycles) |   Latency (absolute)  |  Interval | Pipeline|
        |         Instance        |        Module        |   min   |   max   |    min    |    max    | min | max |   Type  |
        +-------------------------+----------------------+---------+---------+-----------+-----------+-----+-----+---------+
        |arbitrate_U0             |arbitrate             |        2|        2|   9.928 ns|   9.928 ns|    1|    1|      yes|
        |entry_proc_U0            |entry_proc            |        0|        0|       0 ns|       0 ns|    0|    0|       no|
        |parse_add_event_U0       |parse_add_event       |        0|        0|       0 ns|       0 ns|    1|    1|      yes|
        |update_snapshot_U0       |update_snapshot       |        0|        0|       0 ns|       0 ns|    1|    1|      yes|
        |register_book_update_U0  |register_book_update  |       10|       10|  40.000 ns|  40.000 ns|    1|    1|      yes|
        +-------------------------+----------------------+---------+---------+-----------+-----------+-----+-----+---------+

        * Loop: 
        N/A



================================================================
== Utilization Estimates
================================================================
* Summary: 
+-----------------+---------+----+-------+------+-----+
|       Name      | BRAM_18K| DSP|   FF  |  LUT | URAM|
+-----------------+---------+----+-------+------+-----+
|DSP              |        -|   -|      -|     -|    -|
|Expression       |        -|   -|      0|    18|    -|
|FIFO             |        4|   -|    557|   350|    -|
|Instance         |        1|   1|   1778|   853|    -|
|Memory           |        -|   -|      -|     -|    -|
|Multiplexer      |        -|   -|      0|    27|    -|
|Register         |        -|   -|      3|     -|    -|
+-----------------+---------+----+-------+------+-----+
|Total            |        5|   1|   2338|  1248|    0|
+-----------------+---------+----+-------+------+-----+
|Available        |       40|  40|  16000|  8000|    0|
+-----------------+---------+----+-------+------+-----+
|Utilization (%)  |       12|   2|     14|    15|    0|
+-----------------+---------+----+-------+------+-----+

+ Detail: 
    * Instance: 
    +-------------------------+----------------------+---------+----+------+-----+-----+
    |         Instance        |        Module        | BRAM_18K| DSP|  FF  | LUT | URAM|
    +-------------------------+----------------------+---------+----+------+-----+-----+
    |arbitrate_U0             |arbitrate             |        0|   0|  1002|  197|    0|
    |control_s_axi_U          |control_s_axi         |        0|   0|   144|  232|    0|
    |entry_proc_U0            |entry_proc            |        0|   0|     3|   38|    0|
    |parse_add_event_U0       |parse_add_event       |        0|   0|     2|   38|    0|
    |register_book_update_U0  |register_book_update  |        1|   1|   497|  213|    0|
    |update_snapshot_U0       |update_snapshot       |        0|   0|   130|  135|    0|
    +-------------------------+----------------------+---------+----+------+-----+-----+
    |Total                    |                      |        1|   1|  1778|  853|    0|
    +-------------------------+----------------------+---------+----+------+-----+-----+

    * DSP: 
    N/A

    * Memory: 
    N/A

    * FIFO: 
    +-----------------+---------+-----+----+-----+------+-----+---------+
    |       Name      | BRAM_18K|  FF | LUT| URAM| Depth| Bits| Size:D*B|
    +-----------------+---------+-----+----+-----+------+-----+---------+
    |arb_out_U        |        0|   99|   0|    -|     2|  288|      576|
    |base_offset_c_U  |        0|   99|   0|    -|     4|   16|       64|
    |inv_tick_c_U     |        0|   99|   0|    -|     4|   16|       64|
    |to_book_U        |        4|  161|   0|    -|   512|   72|    36864|
    |to_snapshot_U    |        0|   99|   0|    -|     2|   72|      144|
    +-----------------+---------+-----+----+-----+------+-----+---------+
    |Total            |        4|  557|   0|    0|   524|  464|    37712|
    +-----------------+---------+-----+----+-----+------+-----+---------+

    * Expression: 
    +-------------------------------------+----------+----+---+----+------------+------------+
    |            Variable Name            | Operation| DSP| FF| LUT| Bitwidth P0| Bitwidth P1|
    +-------------------------------------+----------+----+---+----+------------+------------+
    |ap_idle                              |       and|   0|  0|   2|           1|           1|
    |ap_sync_done                         |       and|   0|  0|   2|           1|           1|
    |ap_sync_ready                        |       and|   0|  0|   2|           1|           1|
    |arbitrate_U0_ap_start                |       and|   0|  0|   2|           1|           1|
    |entry_proc_U0_ap_start               |       and|   0|  0|   2|           1|           1|
    |update_snapshot_U0_ap_start          |       and|   0|  0|   2|           1|           1|
    |ap_sync_arbitrate_U0_ap_ready        |        or|   0|  0|   2|           1|           1|
    |ap_sync_entry_proc_U0_ap_ready       |        or|   0|  0|   2|           1|           1|
    |ap_sync_update_snapshot_U0_ap_ready  |        or|   0|  0|   2|           1|           1|
    +-------------------------------------+----------+----+---+----+------------+------------+
    |Total                                |          |   0|  0|  18|           9|           9|
    +-------------------------------------+----------+----+---+----+------------+------------+

    * Multiplexer: 
    +-----------------------------------------+----+-----------+-----+-----------+
    |                   Name                  | LUT| Input Size| Bits| Total Bits|
    +-----------------------------------------+----+-----------+-----+-----------+
    |ap_sync_reg_arbitrate_U0_ap_ready        |   9|          2|    1|          2|
    |ap_sync_reg_entry_proc_U0_ap_ready       |   9|          2|    1|          2|
    |ap_sync_reg_update_snapshot_U0_ap_ready  |   9|          2|    1|          2|
    +-----------------------------------------+----+-----------+-----+-----------+
    |Total                                    |  27|          6|    3|          6|
    +-----------------------------------------+----+-----------+-----+-----------+

    * Register: 
    +-----------------------------------------+---+----+-----+-----------+
    |                   Name                  | FF| LUT| Bits| Const Bits|
    +-----------------------------------------+---+----+-----+-----------+
    |ap_sync_reg_arbitrate_U0_ap_ready        |  1|   0|    1|          0|
    |ap_sync_reg_entry_proc_U0_ap_ready       |  1|   0|    1|          0|
    |ap_sync_reg_update_snapshot_U0_ap_ready  |  1|   0|    1|          0|
    +-----------------------------------------+---+----+-----+-----------+
    |Total                                    |  3|   0|    3|          0|
    +-----------------------------------------+---+----+-----+-----------+



================================================================
== Interface
================================================================
* Summary: 
+-----------------------+-----+-----+------------+--------------+--------------+
|       RTL Ports       | Dir | Bits|  Protocol  | Source Object|    C Type    |
+-----------------------+-----+-----+------------+--------------+--------------+
|s_axi_control_AWVALID  |   in|    1|       s_axi|       control|        scalar|
|s_axi_control_AWREADY  |  out|    1|       s_axi|       control|        scalar|
|s_axi_control_AWADDR   |   in|    6|       s_axi|       control|        scalar|
|s_axi_control_WVALID   |   in|    1|       s_axi|       control|        scalar|
|s_axi_control_WREADY   |  out|    1|       s_axi|       control|        scalar|
|s_axi_control_WDATA    |   in|   32|       s_axi|       control|        scalar|
|s_axi_control_WSTRB    |   in|    4|       s_axi|       control|        scalar|
|s_axi_control_ARVALID  |   in|    1|       s_axi|       control|        scalar|
|s_axi_control_ARREADY  |  out|    1|       s_axi|       control|        scalar|
|s_axi_control_ARADDR   |   in|    6|       s_axi|       control|        scalar|
|s_axi_control_RVALID   |  out|    1|       s_axi|       control|        scalar|
|s_axi_control_RREADY   |   in|    1|       s_axi|       control|        scalar|
|s_axi_control_RDATA    |  out|   32|       s_axi|       control|        scalar|
|s_axi_control_RRESP    |  out|    2|       s_axi|       control|        scalar|
|s_axi_control_BVALID   |  out|    1|       s_axi|       control|        scalar|
|s_axi_control_BREADY   |   in|    1|       s_axi|       control|        scalar|
|s_axi_control_BRESP    |  out|    2|       s_axi|       control|        scalar|
|ap_clk                 |   in|    1|  ap_ctrl_hs|        kernel|  return value|
|ap_rst_n               |   in|    1|  ap_ctrl_hs|        kernel|  return value|
|ap_start               |   in|    1|  ap_ctrl_hs|        kernel|  return value|
|ap_done                |  out|    1|  ap_ctrl_hs|        kernel|  return value|
|ap_ready               |  out|    1|  ap_ctrl_hs|        kernel|  return value|
|ap_idle                |  out|    1|  ap_ctrl_hs|        kernel|  return value|
|feed_a_dout            |   in|  352|     ap_fifo|        feed_a|       pointer|
|feed_a_empty_n         |   in|    1|     ap_fifo|        feed_a|       pointer|
|feed_a_read            |  out|    1|     ap_fifo|        feed_a|       pointer|
|feed_b_dout            |   in|  352|     ap_fifo|        feed_b|       pointer|
|feed_b_empty_n         |   in|    1|     ap_fifo|        feed_b|       pointer|
|feed_b_read            |  out|    1|     ap_fifo|        feed_b|       pointer|
|snap_i                 |   in|  128|     ap_ovld|          snap|       pointer|
|snap_o                 |  out|  128|     ap_ovld|          snap|       pointer|
|snap_o_ap_vld          |  out|    1|     ap_ovld|          snap|       pointer|
+-----------------------+-----+-----+------------+--------------+--------------+

